../Core/Inc/Uart.h:23:6:HAL_UART_RxCpltCallback	16	static
../Core/Inc/Command_parser.h:15:6:command_parser_fsm	8	static
../Core/Inc/uart_communiation.h:19:6:HAL_ADC_ConvCpltCallback	16	static
../Core/Inc/uart_communiation.h:25:6:uart_communication_fsm	16	static
../Core/Src/main.c:76:5:main	8	static
../Core/Src/main.c:142:6:SystemClock_Config	88	static
../Core/Src/main.c:186:13:MX_ADC1_Init	24	static
../Core/Src/main.c:233:13:MX_TIM2_Init	32	static
../Core/Src/main.c:278:13:MX_USART2_UART_Init	8	static
../Core/Src/main.c:311:13:MX_GPIO_Init	32	static
../Core/Src/main.c:331:6:HAL_TIM_PeriodElapsedCallback	16	static
../Core/Src/main.c:340:6:Error_Handler	4	static,ignoring_inline_asm
